AppTest.appOk=[
  {
    "((1, 1), (1, 3))": {
      "keyword": "let"
    },
    "((1, 5), (1, 5))": {
      "ident": "x"
    },
    "((1, 7), (1, 7))": {
      "symbol": "="
    },
    "((1, 9), (1, 9))": {
      "intLiteral": "5"
    },
    "((1, 10), (1, 10))": {
      "symbol": ";"
    }
  }
]