org.example.FullLexTest.appOk=[
  {
    "((1, 1), (1, 3))": {
      "keyword": "let"
    },
    "((1, 5), (1, 12))": {
      "ident": "greeting"
    },
    "((1, 13), (1, 13))": {
      "symbol": ":"
    },
    "((1, 15), (1, 20))": {
      "keyword": "String"
    },
    "((1, 22), (1, 22))": {
      "symbol": "="
    },
    "((1, 24), (1, 37))": {
      "strLiteral": "Hello, yall!"
    },
    "((1, 38), (1, 38))": {
      "symbol": ";"
    },
    "((2, 1), (2, 3))": {
      "keyword": "let"
    },
    "((2, 5), (2, 11))": {
      "ident": "counter"
    },
    "((2, 12), (2, 12))": {
      "symbol": ":"
    },
    "((2, 14), (2, 16))": {
      "keyword": "Int"
    },
    "((2, 18), (2, 18))": {
      "symbol": "="
    },
    "((2, 20), (2, 20))": {
      "intLiteral": "0"
    },
    "((2, 21), (2, 21))": {
      "symbol": ";"
    },
    "((3, 1), (3, 3))": {
      "keyword": "let"
    },
    "((3, 5), (3, 6))": {
      "ident": "pi"
    },
    "((3, 7), (3, 7))": {
      "symbol": ":"
    },
    "((3, 9), (3, 14))": {
      "keyword": "Double"
    },
    "((3, 16), (3, 16))": {
      "symbol": "="
    },
    "((3, 18), (3, 21))": {
      "floatLiteral": "3.14"
    },
    "((3, 22), (3, 22))": {
      "symbol": ";"
    },
    "((4, 1), (4, 3))": {
      "keyword": "let"
    },
    "((4, 5), (4, 8))": {
      "ident": "flag"
    },
    "((4, 9), (4, 9))": {
      "symbol": ":"
    },
    "((4, 11), (4, 14))": {
      "keyword": "Bool"
    },
    "((4, 16), (4, 16))": {
      "symbol": "="
    },
    "((4, 18), (4, 21))": {
      "keyword": "true"
    },
    "((4, 22), (4, 22))": {
      "symbol": ";"
    },
    "((8, 1), (8, 4))": {
      "keyword": "func"
    },
    "((8, 6), (8, 8))": {
      "ident": "add"
    },
    "((8, 9), (8, 9))": {
      "symbol": "("
    },
    "((8, 10), (8, 10))": {
      "ident": "a"
    },
    "((8, 11), (8, 11))": {
      "symbol": ":"
    },
    "((8, 13), (8, 15))": {
      "keyword": "Int"
    },
    "((8, 16), (8, 16))": {
      "symbol": ","
    },
    "((8, 18), (8, 18))": {
      "ident": "b"
    },
    "((8, 19), (8, 19))": {
      "symbol": ":"
    },
    "((8, 21), (8, 23))": {
      "keyword": "Int"
    },
    "((8, 24), (8, 24))": {
      "symbol": ")"
    },
    "((8, 26), (8, 27))": {
      "symbol": "->"
    },
    "((8, 29), (8, 31))": {
      "keyword": "Int"
    },
    "((8, 33), (8, 33))": {
      "symbol": "{"
    },
    "((9, 5), (9, 10))": {
      "keyword": "return"
    },
    "((9, 12), (9, 12))": {
      "ident": "a"
    },
    "((9, 14), (9, 14))": {
      "symbol": "+"
    },
    "((9, 16), (9, 16))": {
      "ident": "b"
    },
    "((9, 17), (9, 17))": {
      "symbol": ";"
    },
    "((10, 1), (10, 1))": {
      "symbol": "}"
    },
    "((12, 1), (12, 4))": {
      "keyword": "func"
    },
    "((12, 6), (12, 14))": {
      "ident": "greetUser"
    },
    "((12, 15), (12, 15))": {
      "symbol": "("
    },
    "((12, 16), (12, 19))": {
      "ident": "name"
    },
    "((12, 20), (12, 20))": {
      "symbol": ":"
    },
    "((12, 22), (12, 27))": {
      "keyword": "String"
    },
    "((12, 28), (12, 28))": {
      "symbol": ")"
    },
    "((12, 30), (12, 30))": {
      "symbol": "{"
    },
    "((13, 5), (13, 9))": {
      "keyword": "print"
    },
    "((13, 10), (13, 10))": {
      "symbol": "("
    },
    "((13, 11), (13, 19))": {
      "strLiteral": "Hello, "
    },
    "((13, 20), (13, 20))": {
      "symbol": ","
    },
    "((13, 22), (13, 25))": {
      "ident": "name"
    },
    "((13, 26), (13, 26))": {
      "symbol": ")"
    },
    "((13, 27), (13, 27))": {
      "symbol": ";"
    },
    "((14, 1), (14, 1))": {
      "symbol": "}"
    },
    "((16, 1), (16, 4))": {
      "keyword": "func"
    },
    "((16, 6), (16, 9))": {
      "ident": "noop"
    },
    "((16, 10), (16, 10))": {
      "symbol": "("
    },
    "((16, 11), (16, 11))": {
      "symbol": ")"
    },
    "((16, 13), (16, 14))": {
      "symbol": "->"
    },
    "((16, 16), (16, 19))": {
      "keyword": "Void"
    },
    "((16, 21), (16, 21))": {
      "symbol": "{"
    },
    "((16, 22), (16, 22))": {
      "symbol": "}"
    },
    "((19, 1), (19, 4))": {
      "keyword": "func"
    },
    "((19, 6), (19, 9))": {
      "ident": "main"
    },
    "((19, 10), (19, 10))": {
      "symbol": "("
    },
    "((19, 11), (19, 11))": {
      "symbol": ")"
    },
    "((19, 13), (19, 13))": {
      "symbol": "{"
    },
    "((20, 5), (20, 9))": {
      "keyword": "print"
    },
    "((20, 10), (20, 10))": {
      "symbol": "("
    },
    "((20, 11), (20, 18))": {
      "ident": "greeting"
    },
    "((20, 19), (20, 19))": {
      "symbol": ")"
    },
    "((20, 20), (20, 20))": {
      "symbol": ";"
    },
    "((24, 5), (24, 7))": {
      "keyword": "let"
    },
    "((24, 9), (24, 12))": {
      "ident": "name"
    },
    "((24, 14), (24, 14))": {
      "symbol": "="
    },
    "((24, 16), (24, 20))": {
      "ident": "input"
    },
    "((24, 21), (24, 21))": {
      "symbol": "("
    },
    "((24, 22), (24, 22))": {
      "symbol": ")"
    },
    "((24, 23), (24, 23))": {
      "symbol": ";"
    },
    "((25, 5), (25, 13))": {
      "ident": "greetUser"
    },
    "((25, 14), (25, 14))": {
      "symbol": "("
    },
    "((25, 15), (25, 18))": {
      "ident": "name"
    },
    "((25, 19), (25, 19))": {
      "symbol": ")"
    },
    "((25, 20), (25, 20))": {
      "symbol": ";"
    },
    "((28, 5), (28, 7))": {
      "keyword": "let"
    },
    "((28, 9), (28, 17))": {
      "ident": "emptiness"
    },
    "((28, 18), (28, 18))": {
      "symbol": ":"
    },
    "((28, 20), (28, 23))": {
      "keyword": "Void"
    },
    "((28, 25), (28, 25))": {
      "symbol": "="
    },
    "((28, 27), (28, 30))": {
      "ident": "noop"
    },
    "((28, 31), (28, 31))": {
      "symbol": "("
    },
    "((28, 32), (28, 32))": {
      "symbol": ")"
    },
    "((28, 33), (28, 33))": {
      "symbol": ";"
    },
    "((29, 5), (29, 9))": {
      "keyword": "print"
    },
    "((29, 10), (29, 10))": {
      "symbol": "("
    },
    "((29, 11), (29, 25))": {
      "strLiteral": "Nothing is .."
    },
    "((29, 26), (29, 26))": {
      "symbol": ","
    },
    "((29, 28), (29, 36))": {
      "ident": "emptiness"
    },
    "((29, 37), (29, 37))": {
      "symbol": ")"
    },
    "((29, 38), (29, 38))": {
      "symbol": ";"
    },
    "((33, 5), (33, 7))": {
      "keyword": "for"
    },
    "((33, 9), (33, 9))": {
      "ident": "i"
    },
    "((33, 11), (33, 12))": {
      "keyword": "in"
    },
    "((33, 14), (33, 18))": {
      "keyword": "range"
    },
    "((33, 19), (33, 19))": {
      "symbol": "("
    },
    "((33, 20), (33, 20))": {
      "intLiteral": "0"
    },
    "((33, 21), (33, 21))": {
      "symbol": ","
    },
    "((33, 23), (33, 23))": {
      "intLiteral": "5"
    },
    "((33, 24), (33, 24))": {
      "symbol": ","
    },
    "((33, 26), (33, 26))": {
      "intLiteral": "1"
    },
    "((33, 27), (33, 27))": {
      "symbol": ")"
    },
    "((33, 29), (33, 29))": {
      "symbol": "{"
    },
    "((34, 9), (34, 13))": {
      "keyword": "print"
    },
    "((34, 14), (34, 14))": {
      "symbol": "("
    },
    "((34, 15), (34, 36))": {
      "strLiteral": "For loop iteration: "
    },
    "((34, 37), (34, 37))": {
      "symbol": ","
    },
    "((34, 39), (34, 39))": {
      "ident": "i"
    },
    "((34, 40), (34, 40))": {
      "symbol": ")"
    },
    "((34, 41), (34, 41))": {
      "symbol": ";"
    },
    "((35, 5), (35, 5))": {
      "symbol": "}"
    },
    "((39, 5), (39, 7))": {
      "keyword": "let"
    },
    "((39, 9), (39, 12))": {
      "ident": "word"
    },
    "((39, 13), (39, 13))": {
      "symbol": ":"
    },
    "((39, 15), (39, 20))": {
      "keyword": "String"
    },
    "((39, 22), (39, 22))": {
      "symbol": "="
    },
    "((39, 24), (39, 29))": {
      "strLiteral": "Bye!"
    },
    "((39, 30), (39, 30))": {
      "symbol": ";"
    },
    "((40, 5), (40, 7))": {
      "keyword": "for"
    },
    "((40, 9), (40, 10))": {
      "ident": "ch"
    },
    "((40, 12), (40, 13))": {
      "keyword": "in"
    },
    "((40, 15), (40, 18))": {
      "ident": "word"
    },
    "((40, 20), (40, 20))": {
      "symbol": "{"
    },
    "((41, 9), (41, 13))": {
      "keyword": "print"
    },
    "((41, 14), (41, 14))": {
      "symbol": "("
    },
    "((41, 15), (41, 22))": {
      "strLiteral": "Char: "
    },
    "((41, 23), (41, 23))": {
      "symbol": ","
    },
    "((41, 25), (41, 26))": {
      "ident": "ch"
    },
    "((41, 27), (41, 27))": {
      "symbol": ")"
    },
    "((41, 28), (41, 28))": {
      "symbol": ";"
    },
    "((42, 5), (42, 5))": {
      "symbol": "}"
    },
    "((46, 5), (46, 7))": {
      "keyword": "var"
    },
    "((46, 9), (46, 15))": {
      "ident": "counter"
    },
    "((46, 17), (46, 17))": {
      "symbol": "="
    },
    "((46, 19), (46, 19))": {
      "intLiteral": "0"
    },
    "((46, 20), (46, 20))": {
      "symbol": ";"
    },
    "((47, 5), (47, 9))": {
      "keyword": "while"
    },
    "((47, 11), (47, 17))": {
      "ident": "counter"
    },
    "((47, 19), (47, 19))": {
      "symbol": "<"
    },
    "((47, 21), (47, 21))": {
      "intLiteral": "3"
    },
    "((47, 23), (47, 23))": {
      "symbol": "{"
    },
    "((48, 9), (48, 13))": {
      "keyword": "print"
    },
    "((48, 14), (48, 14))": {
      "symbol": "("
    },
    "((48, 15), (48, 26))": {
      "strLiteral": "Counter = "
    },
    "((48, 27), (48, 27))": {
      "symbol": ","
    },
    "((48, 29), (48, 35))": {
      "ident": "counter"
    },
    "((48, 36), (48, 36))": {
      "symbol": ")"
    },
    "((48, 37), (48, 37))": {
      "symbol": ";"
    },
    "((49, 9), (49, 15))": {
      "ident": "counter"
    },
    "((49, 17), (49, 17))": {
      "symbol": "="
    },
    "((49, 19), (49, 25))": {
      "ident": "counter"
    },
    "((49, 27), (49, 27))": {
      "symbol": "+"
    },
    "((49, 29), (49, 29))": {
      "intLiteral": "1"
    },
    "((49, 30), (49, 30))": {
      "symbol": ";"
    },
    "((50, 5), (50, 5))": {
      "symbol": "}"
    },
    "((54, 5), (54, 6))": {
      "keyword": "if"
    },
    "((54, 8), (54, 11))": {
      "ident": "flag"
    },
    "((54, 13), (54, 14))": {
      "symbol": "&&"
    },
    "((54, 16), (54, 16))": {
      "symbol": "("
    },
    "((54, 17), (54, 18))": {
      "ident": "pi"
    },
    "((54, 20), (54, 20))": {
      "symbol": ">"
    },
    "((54, 22), (54, 24))": {
      "floatLiteral": "3.0"
    },
    "((54, 25), (54, 25))": {
      "symbol": ")"
    },
    "((54, 27), (54, 27))": {
      "symbol": "{"
    },
    "((55, 9), (55, 13))": {
      "keyword": "print"
    },
    "((55, 14), (55, 14))": {
      "symbol": "("
    },
    "((55, 15), (55, 39))": {
      "strLiteral": "Flag is true and pi > 3"
    },
    "((55, 40), (55, 40))": {
      "symbol": ")"
    },
    "((55, 41), (55, 41))": {
      "symbol": ";"
    },
    "((56, 5), (56, 5))": {
      "symbol": "}"
    },
    "((56, 7), (56, 10))": {
      "keyword": "else"
    },
    "((56, 12), (56, 12))": {
      "symbol": "{"
    },
    "((57, 9), (57, 13))": {
      "keyword": "print"
    },
    "((57, 14), (57, 14))": {
      "symbol": "("
    },
    "((57, 15), (57, 33))": {
      "strLiteral": "Condition not met"
    },
    "((57, 34), (57, 34))": {
      "symbol": ")"
    },
    "((57, 35), (57, 35))": {
      "symbol": ";"
    },
    "((58, 5), (58, 5))": {
      "symbol": "}"
    },
    "((62, 5), (62, 7))": {
      "keyword": "let"
    },
    "((62, 9), (62, 14))": {
      "ident": "choice"
    },
    "((62, 15), (62, 15))": {
      "symbol": ":"
    },
    "((62, 17), (62, 19))": {
      "keyword": "Int"
    },
    "((62, 21), (62, 21))": {
      "symbol": "="
    },
    "((62, 23), (62, 23))": {
      "intLiteral": "2"
    },
    "((62, 24), (62, 24))": {
      "symbol": ";"
    },
    "((63, 5), (63, 10))": {
      "keyword": "switch"
    },
    "((63, 12), (63, 17))": {
      "ident": "choice"
    },
    "((63, 19), (63, 19))": {
      "symbol": "{"
    },
    "((64, 9), (64, 12))": {
      "keyword": "case"
    },
    "((64, 14), (64, 14))": {
      "intLiteral": "0"
    },
    "((64, 15), (64, 15))": {
      "symbol": ","
    },
    "((64, 17), (64, 17))": {
      "intLiteral": "1"
    },
    "((64, 19), (64, 19))": {
      "symbol": "{"
    },
    "((65, 13), (65, 17))": {
      "keyword": "print"
    },
    "((65, 18), (65, 18))": {
      "symbol": "("
    },
    "((65, 19), (65, 36))": {
      "strLiteral": "Choice is 0 or 1"
    },
    "((65, 37), (65, 37))": {
      "symbol": ")"
    },
    "((65, 38), (65, 38))": {
      "symbol": ";"
    },
    "((66, 9), (66, 9))": {
      "symbol": "}"
    },
    "((67, 9), (67, 12))": {
      "keyword": "case"
    },
    "((67, 14), (67, 18))": {
      "keyword": "range"
    },
    "((67, 19), (67, 19))": {
      "symbol": "("
    },
    "((67, 20), (67, 20))": {
      "intLiteral": "2"
    },
    "((67, 21), (67, 21))": {
      "symbol": ","
    },
    "((67, 23), (67, 23))": {
      "intLiteral": "4"
    },
    "((67, 24), (67, 24))": {
      "symbol": ")"
    },
    "((67, 26), (67, 26))": {
      "symbol": "{"
    },
    "((68, 13), (68, 17))": {
      "keyword": "print"
    },
    "((68, 18), (68, 18))": {
      "symbol": "("
    },
    "((68, 19), (68, 36))": {
      "strLiteral": "Choice is 2 or 3"
    },
    "((68, 37), (68, 37))": {
      "symbol": ")"
    },
    "((68, 38), (68, 38))": {
      "symbol": ";"
    },
    "((69, 9), (69, 9))": {
      "symbol": "}"
    },
    "((70, 9), (70, 15))": {
      "keyword": "default"
    },
    "((70, 17), (70, 17))": {
      "symbol": "{"
    },
    "((71, 13), (71, 17))": {
      "keyword": "print"
    },
    "((71, 18), (71, 18))": {
      "symbol": "("
    },
    "((71, 19), (71, 44))": {
      "strLiteral": "Choice is something else"
    },
    "((71, 45), (71, 45))": {
      "symbol": ")"
    },
    "((71, 46), (71, 46))": {
      "symbol": ";"
    },
    "((72, 9), (72, 9))": {
      "symbol": "}"
    },
    "((73, 5), (73, 5))": {
      "symbol": "}"
    },
    "((77, 5), (77, 7))": {
      "keyword": "var"
    },
    "((77, 9), (77, 11))": {
      "ident": "sum"
    },
    "((77, 12), (77, 12))": {
      "symbol": ":"
    },
    "((77, 14), (77, 16))": {
      "keyword": "Int"
    },
    "((77, 18), (77, 18))": {
      "symbol": "="
    },
    "((77, 20), (77, 22))": {
      "ident": "add"
    },
    "((77, 23), (77, 23))": {
      "symbol": "("
    },
    "((77, 24), (77, 25))": {
      "intLiteral": "10"
    },
    "((77, 26), (77, 26))": {
      "symbol": ","
    },
    "((77, 28), (77, 29))": {
      "intLiteral": "20"
    },
    "((77, 30), (77, 30))": {
      "symbol": ")"
    },
    "((77, 31), (77, 31))": {
      "symbol": ";"
    },
    "((78, 5), (78, 9))": {
      "keyword": "print"
    },
    "((78, 10), (78, 10))": {
      "symbol": "("
    },
    "((78, 11), (78, 18))": {
      "strLiteral": "Sum = "
    },
    "((78, 19), (78, 19))": {
      "symbol": ","
    },
    "((78, 21), (78, 23))": {
      "ident": "sum"
    },
    "((78, 24), (78, 24))": {
      "symbol": ")"
    },
    "((78, 25), (78, 25))": {
      "symbol": ";"
    },
    "((82, 5), (82, 7))": {
      "keyword": "var"
    },
    "((82, 9), (82, 13))": {
      "ident": "isBig"
    },
    "((82, 14), (82, 14))": {
      "symbol": ":"
    },
    "((82, 16), (82, 19))": {
      "keyword": "Bool"
    },
    "((82, 21), (82, 21))": {
      "symbol": "="
    },
    "((82, 23), (82, 25))": {
      "ident": "sum"
    },
    "((82, 27), (82, 27))": {
      "symbol": ">"
    },
    "((82, 29), (82, 30))": {
      "intLiteral": "25"
    },
    "((82, 32), (82, 33))": {
      "symbol": "&&"
    },
    "((82, 35), (82, 38))": {
      "ident": "flag"
    },
    "((82, 40), (82, 41))": {
      "symbol": "||"
    },
    "((82, 43), (82, 43))": {
      "symbol": "!"
    },
    "((82, 44), (82, 47))": {
      "ident": "flag"
    },
    "((82, 48), (82, 48))": {
      "symbol": ";"
    },
    "((83, 5), (83, 9))": {
      "keyword": "print"
    },
    "((83, 10), (83, 10))": {
      "symbol": "("
    },
    "((83, 11), (83, 20))": {
      "strLiteral": "isBig = "
    },
    "((83, 21), (83, 21))": {
      "symbol": ","
    },
    "((83, 23), (83, 27))": {
      "ident": "isBig"
    },
    "((83, 28), (83, 28))": {
      "symbol": ")"
    },
    "((83, 29), (83, 29))": {
      "symbol": ";"
    },
    "((84, 5), (84, 7))": {
      "keyword": "let"
    },
    "((84, 9), (84, 9))": {
      "ident": "a"
    },
    "((84, 10), (84, 10))": {
      "symbol": ":"
    },
    "((84, 12), (84, 14))": {
      "keyword": "Int"
    },
    "((84, 16), (84, 16))": {
      "symbol": "="
    },
    "((84, 18), (84, 18))": {
      "intLiteral": "5"
    },
    "((84, 19), (84, 19))": {
      "symbol": ";"
    },
    "((85, 5), (85, 7))": {
      "keyword": "let"
    },
    "((85, 9), (85, 9))": {
      "ident": "b"
    },
    "((85, 10), (85, 10))": {
      "symbol": ":"
    },
    "((85, 12), (85, 14))": {
      "keyword": "Int"
    },
    "((85, 16), (85, 16))": {
      "symbol": "="
    },
    "((85, 18), (85, 19))": {
      "intLiteral": "10"
    },
    "((85, 20), (85, 20))": {
      "symbol": ";"
    },
    "((86, 5), (86, 6))": {
      "keyword": "if"
    },
    "((86, 8), (86, 8))": {
      "ident": "a"
    },
    "((86, 10), (86, 11))": {
      "symbol": "=="
    },
    "((86, 13), (86, 13))": {
      "ident": "b"
    },
    "((86, 15), (86, 15))": {
      "symbol": "{"
    },
    "((87, 9), (87, 13))": {
      "keyword": "print"
    },
    "((87, 14), (87, 14))": {
      "symbol": "("
    },
    "((87, 15), (87, 21))": {
      "strLiteral": "equal"
    },
    "((87, 22), (87, 22))": {
      "symbol": ")"
    },
    "((87, 23), (87, 23))": {
      "symbol": ";"
    },
    "((88, 5), (88, 5))": {
      "symbol": "}"
    },
    "((89, 5), (89, 6))": {
      "keyword": "if"
    },
    "((89, 8), (89, 8))": {
      "ident": "a"
    },
    "((89, 10), (89, 11))": {
      "symbol": "!="
    },
    "((89, 13), (89, 13))": {
      "ident": "b"
    },
    "((89, 15), (89, 15))": {
      "symbol": "{"
    },
    "((90, 9), (90, 13))": {
      "keyword": "print"
    },
    "((90, 14), (90, 14))": {
      "symbol": "("
    },
    "((90, 15), (90, 25))": {
      "strLiteral": "not equal"
    },
    "((90, 26), (90, 26))": {
      "symbol": ")"
    },
    "((90, 27), (90, 27))": {
      "symbol": ";"
    },
    "((91, 5), (91, 5))": {
      "symbol": "}"
    },
    "((92, 5), (92, 6))": {
      "keyword": "if"
    },
    "((92, 8), (92, 8))": {
      "ident": "a"
    },
    "((92, 10), (92, 10))": {
      "symbol": "<"
    },
    "((92, 12), (92, 12))": {
      "ident": "b"
    },
    "((92, 14), (92, 14))": {
      "symbol": "{"
    },
    "((93, 9), (93, 13))": {
      "keyword": "print"
    },
    "((93, 14), (93, 14))": {
      "symbol": "("
    },
    "((93, 15), (93, 20))": {
      "strLiteral": "less"
    },
    "((93, 21), (93, 21))": {
      "symbol": ")"
    },
    "((93, 22), (93, 22))": {
      "symbol": ";"
    },
    "((94, 5), (94, 5))": {
      "symbol": "}"
    },
    "((95, 5), (95, 6))": {
      "keyword": "if"
    },
    "((95, 8), (95, 8))": {
      "ident": "a"
    },
    "((95, 10), (95, 11))": {
      "symbol": "<="
    },
    "((95, 13), (95, 13))": {
      "ident": "b"
    },
    "((95, 15), (95, 15))": {
      "symbol": "{"
    },
    "((96, 9), (96, 13))": {
      "keyword": "print"
    },
    "((96, 14), (96, 14))": {
      "symbol": "("
    },
    "((96, 15), (96, 29))": {
      "strLiteral": "less or equal"
    },
    "((96, 30), (96, 30))": {
      "symbol": ")"
    },
    "((96, 31), (96, 31))": {
      "symbol": ";"
    },
    "((97, 5), (97, 5))": {
      "symbol": "}"
    },
    "((98, 5), (98, 6))": {
      "keyword": "if"
    },
    "((98, 8), (98, 8))": {
      "ident": "a"
    },
    "((98, 10), (98, 10))": {
      "symbol": ">"
    },
    "((98, 12), (98, 12))": {
      "ident": "b"
    },
    "((98, 14), (98, 14))": {
      "symbol": "{"
    },
    "((99, 9), (99, 13))": {
      "keyword": "print"
    },
    "((99, 14), (99, 14))": {
      "symbol": "("
    },
    "((99, 15), (99, 23))": {
      "strLiteral": "greater"
    },
    "((99, 24), (99, 24))": {
      "symbol": ")"
    },
    "((99, 25), (99, 25))": {
      "symbol": ";"
    },
    "((100, 5), (100, 5))": {
      "symbol": "}"
    },
    "((101, 5), (101, 6))": {
      "keyword": "if"
    },
    "((101, 8), (101, 8))": {
      "ident": "a"
    },
    "((101, 10), (101, 11))": {
      "symbol": ">="
    },
    "((101, 13), (101, 13))": {
      "ident": "b"
    },
    "((101, 15), (101, 15))": {
      "symbol": "{"
    },
    "((102, 9), (102, 13))": {
      "keyword": "print"
    },
    "((102, 14), (102, 14))": {
      "symbol": "("
    },
    "((102, 15), (102, 32))": {
      "strLiteral": "greater or equal"
    },
    "((102, 33), (102, 33))": {
      "symbol": ")"
    },
    "((102, 34), (102, 34))": {
      "symbol": ";"
    },
    "((103, 5), (103, 5))": {
      "symbol": "}"
    },
    "((105, 5), (105, 7))": {
      "keyword": "var"
    },
    "((105, 9), (105, 14))": {
      "ident": "result"
    },
    "((105, 15), (105, 15))": {
      "symbol": ":"
    },
    "((105, 17), (105, 22))": {
      "keyword": "Double"
    },
    "((105, 24), (105, 24))": {
      "symbol": "="
    },
    "((105, 26), (105, 26))": {
      "symbol": "("
    },
    "((105, 27), (105, 28))": {
      "ident": "pi"
    },
    "((105, 30), (105, 30))": {
      "symbol": "+"
    },
    "((105, 32), (105, 34))": {
      "floatLiteral": "2.0"
    },
    "((105, 35), (105, 35))": {
      "symbol": ")"
    },
    "((105, 37), (105, 37))": {
      "symbol": "*"
    },
    "((105, 39), (105, 41))": {
      "floatLiteral": "3.0"
    },
    "((105, 43), (105, 43))": {
      "symbol": "/"
    },
    "((105, 45), (105, 47))": {
      "floatLiteral": "2.0"
    },
    "((105, 49), (105, 49))": {
      "symbol": "-"
    },
    "((105, 51), (105, 53))": {
      "floatLiteral": "1.0"
    },
    "((105, 54), (105, 54))": {
      "symbol": ";"
    },
    "((106, 5), (106, 9))": {
      "keyword": "print"
    },
    "((106, 10), (106, 10))": {
      "symbol": "("
    },
    "((106, 11), (106, 21))": {
      "strLiteral": "Result = "
    },
    "((106, 22), (106, 22))": {
      "symbol": ","
    },
    "((106, 24), (106, 29))": {
      "ident": "result"
    },
    "((106, 30), (106, 30))": {
      "symbol": ")"
    },
    "((106, 31), (106, 31))": {
      "symbol": ";"
    },
    "((109, 5), (109, 7))": {
      "keyword": "let"
    },
    "((109, 9), (109, 14))": {
      "ident": "radius"
    },
    "((109, 16), (109, 16))": {
      "symbol": "="
    },
    "((109, 18), (109, 20))": {
      "floatLiteral": "3.0"
    },
    "((109, 21), (109, 21))": {
      "symbol": ";"
    },
    "((110, 5), (110, 7))": {
      "keyword": "let"
    },
    "((110, 9), (110, 12))": {
      "ident": "area"
    },
    "((110, 14), (110, 14))": {
      "symbol": "="
    },
    "((110, 16), (110, 17))": {
      "ident": "pi"
    },
    "((110, 19), (110, 19))": {
      "symbol": "*"
    },
    "((110, 21), (110, 26))": {
      "ident": "radius"
    },
    "((110, 28), (110, 29))": {
      "symbol": "**"
    },
    "((110, 31), (110, 31))": {
      "intLiteral": "2"
    },
    "((110, 32), (110, 32))": {
      "symbol": ";"
    },
    "((111, 5), (111, 9))": {
      "keyword": "print"
    },
    "((111, 10), (111, 10))": {
      "symbol": "("
    },
    "((111, 11), (111, 19))": {
      "strLiteral": "Area = "
    },
    "((111, 20), (111, 20))": {
      "symbol": ","
    },
    "((111, 22), (111, 25))": {
      "ident": "area"
    },
    "((111, 26), (111, 26))": {
      "symbol": ")"
    },
    "((111, 27), (111, 27))": {
      "symbol": ";"
    },
    "((112, 1), (112, 1))": {
      "symbol": "}"
    }
  }
]