AppTest.appOk=[
  {
    "(1, 3)": {
      "keyword": "let"
    },
    "(1, 5)": {
      "name": "x"
    },
    "(1, 7)": {
      "value": "="
    },
    "(1, 9)": {
      "num": "5"
    },
    "(1, 10)": {
      "value": ";"
    }
  }
]
