FullTest.appOk=[
  {
    "((1, 1), (1, 3))": {
      "keyword": "let"
    },
    "((1, 5), (1, 12))": {
      "ident": "greeting"
    },
    "((1, 13), (1, 13))": {
      "symbol": ":"
    },
    "((1, 15), (1, 20))": {
      "keyword": "String"
    },
    "((1, 22), (1, 22))": {
      "symbol": "="
    },
    "((1, 24), (1, 37))": {
      "strLiteral": "Hello, yall!"
    },
    "((1, 38), (1, 38))": {
      "symbol": ";"
    },
    "((2, 40), (2, 42))": {
      "keyword": "let"
    },
    "((2, 44), (2, 50))": {
      "ident": "counter"
    },
    "((2, 51), (2, 51))": {
      "symbol": ":"
    },
    "((2, 53), (2, 55))": {
      "keyword": "Int"
    },
    "((2, 57), (2, 57))": {
      "symbol": "="
    },
    "((2, 59), (2, 59))": {
      "intLiteral": "0"
    },
    "((2, 60), (2, 60))": {
      "symbol": ";"
    },
    "((3, 62), (3, 64))": {
      "keyword": "let"
    },
    "((3, 66), (3, 67))": {
      "ident": "pi"
    },
    "((3, 68), (3, 68))": {
      "symbol": ":"
    },
    "((3, 70), (3, 75))": {
      "keyword": "Double"
    },
    "((3, 77), (3, 77))": {
      "symbol": "="
    },
    "((3, 79), (3, 82))": {
      "floatLiteral": "3.14"
    },
    "((3, 83), (3, 83))": {
      "symbol": ";"
    },
    "((4, 85), (4, 87))": {
      "keyword": "let"
    },
    "((4, 89), (4, 92))": {
      "ident": "flag"
    },
    "((4, 93), (4, 93))": {
      "symbol": ":"
    },
    "((4, 95), (4, 98))": {
      "keyword": "Bool"
    },
    "((4, 100), (4, 100))": {
      "symbol": "="
    },
    "((4, 102), (4, 105))": {
      "keyword": "true"
    },
    "((4, 106), (4, 106))": {
      "symbol": ";"
    },
    "((8, 134), (8, 137))": {
      "keyword": "func"
    },
    "((8, 139), (8, 141))": {
      "ident": "add"
    },
    "((8, 142), (8, 142))": {
      "symbol": "("
    },
    "((8, 143), (8, 143))": {
      "ident": "a"
    },
    "((8, 144), (8, 144))": {
      "symbol": ":"
    },
    "((8, 146), (8, 148))": {
      "keyword": "Int"
    },
    "((8, 149), (8, 149))": {
      "symbol": ","
    },
    "((8, 151), (8, 151))": {
      "ident": "b"
    },
    "((8, 152), (8, 152))": {
      "symbol": ":"
    },
    "((8, 154), (8, 156))": {
      "keyword": "Int"
    },
    "((8, 157), (8, 157))": {
      "symbol": ")"
    },
    "((8, 159), (8, 159))": {
      "symbol": "-"
    },
    "((8, 160), (8, 160))": {
      "symbol": ">"
    },
    "((8, 162), (8, 164))": {
      "keyword": "Int"
    },
    "((8, 166), (8, 166))": {
      "symbol": "{"
    },
    "((9, 172), (9, 177))": {
      "keyword": "return"
    },
    "((9, 179), (9, 179))": {
      "ident": "a"
    },
    "((9, 181), (9, 181))": {
      "symbol": "+"
    },
    "((9, 183), (9, 183))": {
      "ident": "b"
    },
    "((9, 184), (9, 184))": {
      "symbol": ";"
    },
    "((10, 186), (10, 186))": {
      "symbol": "}"
    },
    "((12, 206), (12, 209))": {
      "keyword": "func"
    },
    "((12, 211), (12, 219))": {
      "ident": "greetUser"
    },
    "((12, 220), (12, 220))": {
      "symbol": "("
    },
    "((12, 221), (12, 224))": {
      "ident": "name"
    },
    "((12, 225), (12, 225))": {
      "symbol": ":"
    },
    "((12, 227), (12, 232))": {
      "keyword": "String"
    },
    "((12, 233), (12, 233))": {
      "symbol": ")"
    },
    "((12, 235), (12, 235))": {
      "symbol": "{"
    },
    "((13, 241), (13, 245))": {
      "keyword": "print"
    },
    "((13, 246), (13, 246))": {
      "symbol": "("
    },
    "((13, 247), (13, 255))": {
      "strLiteral": "Hello, "
    },
    "((13, 256), (13, 256))": {
      "symbol": ","
    },
    "((13, 258), (13, 261))": {
      "ident": "name"
    },
    "((13, 262), (13, 262))": {
      "symbol": ")"
    },
    "((13, 263), (13, 263))": {
      "symbol": ";"
    },
    "((14, 265), (14, 265))": {
      "symbol": "}"
    },
    "((16, 299), (16, 302))": {
      "keyword": "func"
    },
    "((16, 304), (16, 307))": {
      "ident": "noop"
    },
    "((16, 308), (16, 308))": {
      "symbol": "("
    },
    "((16, 309), (16, 309))": {
      "symbol": ")"
    },
    "((16, 311), (16, 311))": {
      "symbol": "-"
    },
    "((16, 312), (16, 312))": {
      "symbol": ">"
    },
    "((16, 314), (16, 317))": {
      "keyword": "Void"
    },
    "((16, 319), (16, 319))": {
      "symbol": "{"
    },
    "((16, 320), (16, 320))": {
      "symbol": "}"
    },
    "((19, 324), (19, 327))": {
      "keyword": "func"
    },
    "((19, 329), (19, 332))": {
      "ident": "main"
    },
    "((19, 333), (19, 333))": {
      "symbol": "("
    },
    "((19, 334), (19, 334))": {
      "symbol": ")"
    },
    "((19, 336), (19, 336))": {
      "symbol": "{"
    },
    "((20, 342), (20, 346))": {
      "keyword": "print"
    },
    "((20, 347), (20, 347))": {
      "symbol": "("
    },
    "((20, 348), (20, 355))": {
      "ident": "greeting"
    },
    "((20, 356), (20, 356))": {
      "symbol": ")"
    },
    "((20, 357), (20, 357))": {
      "symbol": ";"
    },
    "((24, 391), (24, 393))": {
      "keyword": "let"
    },
    "((24, 395), (24, 398))": {
      "ident": "name"
    },
    "((24, 400), (24, 400))": {
      "symbol": "="
    },
    "((24, 402), (24, 406))": {
      "keyword": "input"
    },
    "((24, 407), (24, 407))": {
      "symbol": "("
    },
    "((24, 408), (24, 408))": {
      "symbol": ")"
    },
    "((24, 409), (24, 409))": {
      "symbol": ";"
    },
    "((25, 415), (25, 423))": {
      "ident": "greetUser"
    },
    "((25, 424), (25, 424))": {
      "symbol": "("
    },
    "((25, 425), (25, 428))": {
      "ident": "name"
    },
    "((25, 429), (25, 429))": {
      "symbol": ")"
    },
    "((25, 430), (25, 430))": {
      "symbol": ";"
    },
    "((28, 438), (28, 440))": {
      "keyword": "let"
    },
    "((28, 442), (28, 450))": {
      "ident": "emptiness"
    },
    "((28, 451), (28, 451))": {
      "symbol": ":"
    },
    "((28, 453), (28, 456))": {
      "keyword": "Void"
    },
    "((28, 458), (28, 458))": {
      "symbol": "="
    },
    "((28, 460), (28, 463))": {
      "ident": "noop"
    },
    "((28, 464), (28, 464))": {
      "symbol": "("
    },
    "((28, 465), (28, 465))": {
      "symbol": ")"
    },
    "((28, 466), (28, 466))": {
      "symbol": ";"
    },
    "((29, 472), (29, 476))": {
      "keyword": "print"
    },
    "((29, 477), (29, 477))": {
      "symbol": "("
    },
    "((29, 478), (29, 492))": {
      "strLiteral": "Nothing is .."
    },
    "((29, 493), (29, 493))": {
      "symbol": ","
    },
    "((29, 495), (29, 503))": {
      "ident": "emptiness"
    },
    "((29, 504), (29, 504))": {
      "symbol": ")"
    },
    "((29, 505), (29, 505))": {
      "symbol": ";"
    },
    "((33, 537), (33, 539))": {
      "keyword": "for"
    },
    "((33, 541), (33, 541))": {
      "ident": "i"
    },
    "((33, 543), (33, 544))": {
      "keyword": "in"
    },
    "((33, 546), (33, 550))": {
      "keyword": "range"
    },
    "((33, 551), (33, 551))": {
      "symbol": "("
    },
    "((33, 552), (33, 552))": {
      "intLiteral": "0"
    },
    "((33, 553), (33, 553))": {
      "symbol": ","
    },
    "((33, 555), (33, 555))": {
      "intLiteral": "5"
    },
    "((33, 556), (33, 556))": {
      "symbol": ","
    },
    "((33, 558), (33, 558))": {
      "intLiteral": "1"
    },
    "((33, 559), (33, 559))": {
      "symbol": ")"
    },
    "((33, 561), (33, 561))": {
      "symbol": "{"
    },
    "((34, 571), (34, 575))": {
      "keyword": "print"
    },
    "((34, 576), (34, 576))": {
      "symbol": "("
    },
    "((34, 577), (34, 598))": {
      "strLiteral": "For loop iteration: "
    },
    "((34, 599), (34, 599))": {
      "symbol": ","
    },
    "((34, 601), (34, 601))": {
      "ident": "i"
    },
    "((34, 602), (34, 602))": {
      "symbol": ")"
    },
    "((34, 603), (34, 603))": {
      "symbol": ";"
    },
    "((35, 609), (35, 609))": {
      "symbol": "}"
    },
    "((39, 642), (39, 644))": {
      "keyword": "let"
    },
    "((39, 646), (39, 649))": {
      "ident": "word"
    },
    "((39, 650), (39, 650))": {
      "symbol": ":"
    },
    "((39, 652), (39, 657))": {
      "keyword": "String"
    },
    "((39, 659), (39, 659))": {
      "symbol": "="
    },
    "((39, 661), (39, 666))": {
      "strLiteral": "Bye!"
    },
    "((39, 667), (39, 667))": {
      "symbol": ";"
    },
    "((40, 673), (40, 675))": {
      "keyword": "for"
    },
    "((40, 677), (40, 678))": {
      "ident": "ch"
    },
    "((40, 680), (40, 681))": {
      "keyword": "in"
    },
    "((40, 683), (40, 686))": {
      "ident": "word"
    },
    "((40, 688), (40, 688))": {
      "symbol": "{"
    },
    "((41, 698), (41, 702))": {
      "keyword": "print"
    },
    "((41, 703), (41, 703))": {
      "symbol": "("
    },
    "((41, 704), (41, 711))": {
      "strLiteral": "Char: "
    },
    "((41, 712), (41, 712))": {
      "symbol": ","
    },
    "((41, 714), (41, 715))": {
      "ident": "ch"
    },
    "((41, 716), (41, 716))": {
      "symbol": ")"
    },
    "((41, 717), (41, 717))": {
      "symbol": ";"
    },
    "((42, 723), (42, 723))": {
      "symbol": "}"
    },
    "((46, 749), (46, 751))": {
      "keyword": "var"
    },
    "((46, 753), (46, 759))": {
      "ident": "counter"
    },
    "((46, 761), (46, 761))": {
      "symbol": "="
    },
    "((46, 763), (46, 763))": {
      "intLiteral": "0"
    },
    "((46, 764), (46, 764))": {
      "symbol": ";"
    },
    "((47, 770), (47, 774))": {
      "keyword": "while"
    },
    "((47, 776), (47, 782))": {
      "ident": "counter"
    },
    "((47, 784), (47, 784))": {
      "symbol": "<"
    },
    "((47, 786), (47, 786))": {
      "intLiteral": "3"
    },
    "((47, 788), (47, 788))": {
      "symbol": "{"
    },
    "((48, 798), (48, 802))": {
      "keyword": "print"
    },
    "((48, 803), (48, 803))": {
      "symbol": "("
    },
    "((48, 804), (48, 815))": {
      "strLiteral": "Counter = "
    },
    "((48, 817), (48, 817))": {
      "symbol": "+"
    },
    "((48, 819), (48, 825))": {
      "ident": "counter"
    },
    "((48, 826), (48, 826))": {
      "symbol": ")"
    },
    "((48, 827), (48, 827))": {
      "symbol": ";"
    },
    "((49, 837), (49, 843))": {
      "ident": "counter"
    },
    "((49, 845), (49, 845))": {
      "symbol": "="
    },
    "((49, 847), (49, 853))": {
      "ident": "counter"
    },
    "((49, 855), (49, 855))": {
      "symbol": "+"
    },
    "((49, 857), (49, 857))": {
      "intLiteral": "1"
    },
    "((49, 858), (49, 858))": {
      "symbol": ";"
    },
    "((50, 864), (50, 864))": {
      "symbol": "}"
    },
    "((54, 907), (54, 908))": {
      "keyword": "if"
    },
    "((54, 910), (54, 913))": {
      "ident": "flag"
    },
    "((54, 915), (54, 916))": {
      "symbol": "&&"
    },
    "((54, 918), (54, 918))": {
      "symbol": "("
    },
    "((54, 919), (54, 920))": {
      "ident": "pi"
    },
    "((54, 922), (54, 922))": {
      "symbol": ">"
    },
    "((54, 924), (54, 926))": {
      "floatLiteral": "3.0"
    },
    "((54, 927), (54, 927))": {
      "symbol": ")"
    },
    "((54, 929), (54, 929))": {
      "symbol": "{"
    },
    "((55, 939), (55, 943))": {
      "keyword": "print"
    },
    "((55, 944), (55, 944))": {
      "symbol": "("
    },
    "((55, 945), (55, 969))": {
      "strLiteral": "Flag is true and pi > 3"
    },
    "((55, 970), (55, 970))": {
      "symbol": ")"
    },
    "((55, 971), (55, 971))": {
      "symbol": ";"
    },
    "((56, 977), (56, 977))": {
      "symbol": "}"
    },
    "((56, 979), (56, 982))": {
      "keyword": "else"
    },
    "((56, 984), (56, 984))": {
      "symbol": "{"
    },
    "((57, 994), (57, 998))": {
      "keyword": "print"
    },
    "((57, 999), (57, 999))": {
      "symbol": "("
    },
    "((57, 1 000), (57, 1 018))": {
      "strLiteral": "Condition not met"
    },
    "((57, 1 019), (57, 1 019))": {
      "symbol": ")"
    },
    "((57, 1 020), (57, 1 020))": {
      "symbol": ";"
    },
    "((58, 1 026), (58, 1 026))": {
      "symbol": "}"
    },
    "((62, 1 061), (62, 1 063))": {
      "keyword": "let"
    },
    "((62, 1 065), (62, 1 070))": {
      "ident": "choice"
    },
    "((62, 1 071), (62, 1 071))": {
      "symbol": ":"
    },
    "((62, 1 073), (62, 1 075))": {
      "keyword": "Int"
    },
    "((62, 1 077), (62, 1 077))": {
      "symbol": "="
    },
    "((62, 1 079), (62, 1 079))": {
      "intLiteral": "2"
    },
    "((62, 1 080), (62, 1 080))": {
      "symbol": ";"
    },
    "((63, 1 086), (63, 1 091))": {
      "keyword": "switch"
    },
    "((63, 1 093), (63, 1 098))": {
      "ident": "choice"
    },
    "((63, 1 100), (63, 1 100))": {
      "symbol": "{"
    },
    "((64, 1 110), (64, 1 113))": {
      "keyword": "case"
    },
    "((64, 1 115), (64, 1 115))": {
      "intLiteral": "0"
    },
    "((64, 1 116), (64, 1 116))": {
      "symbol": ","
    },
    "((64, 1 118), (64, 1 118))": {
      "intLiteral": "1"
    },
    "((64, 1 120), (64, 1 120))": {
      "symbol": "{"
    },
    "((65, 1 134), (65, 1 138))": {
      "keyword": "print"
    },
    "((65, 1 139), (65, 1 139))": {
      "symbol": "("
    },
    "((65, 1 140), (65, 1 157))": {
      "strLiteral": "Choice is 0 or 1"
    },
    "((65, 1 158), (65, 1 158))": {
      "symbol": ")"
    },
    "((65, 1 159), (65, 1 159))": {
      "symbol": ";"
    },
    "((66, 1 169), (66, 1 169))": {
      "symbol": "}"
    },
    "((67, 1 179), (67, 1 182))": {
      "keyword": "case"
    },
    "((67, 1 184), (67, 1 188))": {
      "keyword": "range"
    },
    "((67, 1 189), (67, 1 189))": {
      "symbol": "("
    },
    "((67, 1 190), (67, 1 190))": {
      "intLiteral": "2"
    },
    "((67, 1 191), (67, 1 191))": {
      "symbol": ","
    },
    "((67, 1 193), (67, 1 193))": {
      "intLiteral": "4"
    },
    "((67, 1 194), (67, 1 194))": {
      "symbol": ")"
    },
    "((67, 1 196), (67, 1 196))": {
      "symbol": "{"
    },
    "((68, 1 210), (68, 1 214))": {
      "keyword": "print"
    },
    "((68, 1 215), (68, 1 215))": {
      "symbol": "("
    },
    "((68, 1 216), (68, 1 233))": {
      "strLiteral": "Choice is 2 or 3"
    },
    "((68, 1 234), (68, 1 234))": {
      "symbol": ")"
    },
    "((68, 1 235), (68, 1 235))": {
      "symbol": ";"
    },
    "((69, 1 245), (69, 1 245))": {
      "symbol": "}"
    },
    "((70, 1 255), (70, 1 261))": {
      "keyword": "default"
    },
    "((70, 1 263), (70, 1 263))": {
      "symbol": "{"
    },
    "((71, 1 277), (71, 1 281))": {
      "keyword": "print"
    },
    "((71, 1 282), (71, 1 282))": {
      "symbol": "("
    },
    "((71, 1 283), (71, 1 308))": {
      "strLiteral": "Choice is something else"
    },
    "((71, 1 309), (71, 1 309))": {
      "symbol": ")"
    },
    "((71, 1 310), (71, 1 310))": {
      "symbol": ";"
    },
    "((72, 1 320), (72, 1 320))": {
      "symbol": "}"
    },
    "((73, 1 326), (73, 1 326))": {
      "symbol": "}"
    },
    "((77, 1 360), (77, 1 362))": {
      "keyword": "var"
    },
    "((77, 1 364), (77, 1 366))": {
      "ident": "sum"
    },
    "((77, 1 367), (77, 1 367))": {
      "symbol": ":"
    },
    "((77, 1 369), (77, 1 371))": {
      "keyword": "Int"
    },
    "((77, 1 373), (77, 1 373))": {
      "symbol": "="
    },
    "((77, 1 375), (77, 1 377))": {
      "ident": "add"
    },
    "((77, 1 378), (77, 1 378))": {
      "symbol": "("
    },
    "((77, 1 379), (77, 1 380))": {
      "intLiteral": "10"
    },
    "((77, 1 381), (77, 1 381))": {
      "symbol": ","
    },
    "((77, 1 383), (77, 1 384))": {
      "intLiteral": "20"
    },
    "((77, 1 385), (77, 1 385))": {
      "symbol": ")"
    },
    "((77, 1 386), (77, 1 386))": {
      "symbol": ";"
    },
    "((78, 1 392), (78, 1 396))": {
      "keyword": "print"
    },
    "((78, 1 397), (78, 1 397))": {
      "symbol": "("
    },
    "((78, 1 398), (78, 1 405))": {
      "strLiteral": "Sum = "
    },
    "((78, 1 406), (78, 1 406))": {
      "symbol": ","
    },
    "((78, 1 408), (78, 1 410))": {
      "ident": "sum"
    },
    "((78, 1 411), (78, 1 411))": {
      "symbol": ")"
    },
    "((78, 1 412), (78, 1 412))": {
      "symbol": ";"
    },
    "((82, 1 442), (82, 1 444))": {
      "keyword": "var"
    },
    "((82, 1 446), (82, 1 450))": {
      "ident": "isBig"
    },
    "((82, 1 451), (82, 1 451))": {
      "symbol": ":"
    },
    "((82, 1 453), (82, 1 456))": {
      "keyword": "Bool"
    },
    "((82, 1 458), (82, 1 458))": {
      "symbol": "="
    },
    "((82, 1 460), (82, 1 462))": {
      "ident": "sum"
    },
    "((82, 1 464), (82, 1 464))": {
      "symbol": ">"
    },
    "((82, 1 466), (82, 1 467))": {
      "intLiteral": "25"
    },
    "((82, 1 469), (82, 1 470))": {
      "symbol": "&&"
    },
    "((82, 1 472), (82, 1 475))": {
      "ident": "flag"
    },
    "((82, 1 477), (82, 1 478))": {
      "symbol": "||"
    },
    "((82, 1 480), (82, 1 480))": {
      "symbol": "!"
    },
    "((82, 1 481), (82, 1 484))": {
      "ident": "flag"
    },
    "((82, 1 485), (82, 1 485))": {
      "symbol": ";"
    },
    "((83, 1 491), (83, 1 495))": {
      "keyword": "print"
    },
    "((83, 1 496), (83, 1 496))": {
      "symbol": "("
    },
    "((83, 1 497), (83, 1 506))": {
      "strLiteral": "isBig = "
    },
    "((83, 1 507), (83, 1 507))": {
      "symbol": ","
    },
    "((83, 1 509), (83, 1 513))": {
      "ident": "isBig"
    },
    "((83, 1 514), (83, 1 514))": {
      "symbol": ")"
    },
    "((83, 1 515), (83, 1 515))": {
      "symbol": ";"
    },
    "((84, 1 521), (84, 1 523))": {
      "keyword": "let"
    },
    "((84, 1 525), (84, 1 525))": {
      "ident": "a"
    },
    "((84, 1 526), (84, 1 526))": {
      "symbol": ":"
    },
    "((84, 1 528), (84, 1 530))": {
      "keyword": "Int"
    },
    "((84, 1 532), (84, 1 532))": {
      "symbol": "="
    },
    "((84, 1 534), (84, 1 534))": {
      "intLiteral": "5"
    },
    "((84, 1 535), (84, 1 535))": {
      "symbol": ";"
    },
    "((85, 1 541), (85, 1 543))": {
      "keyword": "let"
    },
    "((85, 1 545), (85, 1 545))": {
      "ident": "b"
    },
    "((85, 1 546), (85, 1 546))": {
      "symbol": ":"
    },
    "((85, 1 548), (85, 1 550))": {
      "keyword": "Int"
    },
    "((85, 1 552), (85, 1 552))": {
      "symbol": "="
    },
    "((85, 1 554), (85, 1 555))": {
      "intLiteral": "10"
    },
    "((85, 1 556), (85, 1 556))": {
      "symbol": ";"
    },
    "((86, 1 562), (86, 1 563))": {
      "keyword": "if"
    },
    "((86, 1 565), (86, 1 565))": {
      "ident": "a"
    },
    "((86, 1 567), (86, 1 568))": {
      "symbol": "=="
    },
    "((86, 1 570), (86, 1 570))": {
      "ident": "b"
    },
    "((86, 1 572), (86, 1 572))": {
      "symbol": "{"
    },
    "((87, 1 582), (87, 1 586))": {
      "keyword": "print"
    },
    "((87, 1 587), (87, 1 587))": {
      "symbol": "("
    },
    "((87, 1 588), (87, 1 594))": {
      "strLiteral": "equal"
    },
    "((87, 1 595), (87, 1 595))": {
      "symbol": ")"
    },
    "((87, 1 596), (87, 1 596))": {
      "symbol": ";"
    },
    "((88, 1 602), (88, 1 602))": {
      "symbol": "}"
    },
    "((89, 1 608), (89, 1 609))": {
      "keyword": "if"
    },
    "((89, 1 611), (89, 1 611))": {
      "ident": "a"
    },
    "((89, 1 613), (89, 1 614))": {
      "symbol": "!="
    },
    "((89, 1 616), (89, 1 616))": {
      "ident": "b"
    },
    "((89, 1 618), (89, 1 618))": {
      "symbol": "{"
    },
    "((90, 1 628), (90, 1 632))": {
      "keyword": "print"
    },
    "((90, 1 633), (90, 1 633))": {
      "symbol": "("
    },
    "((90, 1 634), (90, 1 644))": {
      "strLiteral": "not equal"
    },
    "((90, 1 645), (90, 1 645))": {
      "symbol": ")"
    },
    "((90, 1 646), (90, 1 646))": {
      "symbol": ";"
    },
    "((91, 1 652), (91, 1 652))": {
      "symbol": "}"
    },
    "((92, 1 658), (92, 1 659))": {
      "keyword": "if"
    },
    "((92, 1 661), (92, 1 661))": {
      "ident": "a"
    },
    "((92, 1 663), (92, 1 663))": {
      "symbol": "<"
    },
    "((92, 1 665), (92, 1 665))": {
      "ident": "b"
    },
    "((92, 1 667), (92, 1 667))": {
      "symbol": "{"
    },
    "((93, 1 677), (93, 1 681))": {
      "keyword": "print"
    },
    "((93, 1 682), (93, 1 682))": {
      "symbol": "("
    },
    "((93, 1 683), (93, 1 688))": {
      "strLiteral": "less"
    },
    "((93, 1 689), (93, 1 689))": {
      "symbol": ")"
    },
    "((93, 1 690), (93, 1 690))": {
      "symbol": ";"
    },
    "((94, 1 696), (94, 1 696))": {
      "symbol": "}"
    },
    "((95, 1 702), (95, 1 703))": {
      "keyword": "if"
    },
    "((95, 1 705), (95, 1 705))": {
      "ident": "a"
    },
    "((95, 1 707), (95, 1 708))": {
      "symbol": "<="
    },
    "((95, 1 710), (95, 1 710))": {
      "ident": "b"
    },
    "((95, 1 712), (95, 1 712))": {
      "symbol": "{"
    },
    "((96, 1 722), (96, 1 726))": {
      "keyword": "print"
    },
    "((96, 1 727), (96, 1 727))": {
      "symbol": "("
    },
    "((96, 1 728), (96, 1 742))": {
      "strLiteral": "less or equal"
    },
    "((96, 1 743), (96, 1 743))": {
      "symbol": ")"
    },
    "((96, 1 744), (96, 1 744))": {
      "symbol": ";"
    },
    "((97, 1 750), (97, 1 750))": {
      "symbol": "}"
    },
    "((98, 1 756), (98, 1 757))": {
      "keyword": "if"
    },
    "((98, 1 759), (98, 1 759))": {
      "ident": "a"
    },
    "((98, 1 761), (98, 1 761))": {
      "symbol": ">"
    },
    "((98, 1 763), (98, 1 763))": {
      "ident": "b"
    },
    "((98, 1 765), (98, 1 765))": {
      "symbol": "{"
    },
    "((99, 1 775), (99, 1 779))": {
      "keyword": "print"
    },
    "((99, 1 780), (99, 1 780))": {
      "symbol": "("
    },
    "((99, 1 781), (99, 1 789))": {
      "strLiteral": "greater"
    },
    "((99, 1 790), (99, 1 790))": {
      "symbol": ")"
    },
    "((99, 1 791), (99, 1 791))": {
      "symbol": ";"
    },
    "((100, 1 797), (100, 1 797))": {
      "symbol": "}"
    },
    "((101, 1 803), (101, 1 804))": {
      "keyword": "if"
    },
    "((101, 1 806), (101, 1 806))": {
      "ident": "a"
    },
    "((101, 1 808), (101, 1 809))": {
      "symbol": ">="
    },
    "((101, 1 811), (101, 1 811))": {
      "ident": "b"
    },
    "((101, 1 813), (101, 1 813))": {
      "symbol": "{"
    },
    "((102, 1 823), (102, 1 827))": {
      "keyword": "print"
    },
    "((102, 1 828), (102, 1 828))": {
      "symbol": "("
    },
    "((102, 1 829), (102, 1 846))": {
      "strLiteral": "greater or equal"
    },
    "((102, 1 847), (102, 1 847))": {
      "symbol": ")"
    },
    "((102, 1 848), (102, 1 848))": {
      "symbol": ";"
    },
    "((103, 1 854), (103, 1 854))": {
      "symbol": "}"
    },
    "((105, 1 886), (105, 1 888))": {
      "keyword": "var"
    },
    "((105, 1 890), (105, 1 895))": {
      "ident": "result"
    },
    "((105, 1 896), (105, 1 896))": {
      "symbol": ":"
    },
    "((105, 1 898), (105, 1 903))": {
      "keyword": "Double"
    },
    "((105, 1 905), (105, 1 905))": {
      "symbol": "="
    },
    "((105, 1 907), (105, 1 907))": {
      "symbol": "("
    },
    "((105, 1 908), (105, 1 909))": {
      "ident": "pi"
    },
    "((105, 1 911), (105, 1 911))": {
      "symbol": "+"
    },
    "((105, 1 913), (105, 1 915))": {
      "floatLiteral": "2.0"
    },
    "((105, 1 916), (105, 1 916))": {
      "symbol": ")"
    },
    "((105, 1 918), (105, 1 918))": {
      "symbol": "*"
    },
    "((105, 1 920), (105, 1 922))": {
      "floatLiteral": "3.0"
    },
    "((105, 1 924), (105, 1 924))": {
      "symbol": "/"
    },
    "((105, 1 926), (105, 1 928))": {
      "floatLiteral": "2.0"
    },
    "((105, 1 930), (105, 1 930))": {
      "symbol": "-"
    },
    "((105, 1 932), (105, 1 934))": {
      "floatLiteral": "1.0"
    },
    "((105, 1 935), (105, 1 935))": {
      "symbol": ";"
    },
    "((106, 1 941), (106, 1 945))": {
      "keyword": "print"
    },
    "((106, 1 946), (106, 1 946))": {
      "symbol": "("
    },
    "((106, 1 947), (106, 1 957))": {
      "strLiteral": "Result = "
    },
    "((106, 1 958), (106, 1 958))": {
      "symbol": ","
    },
    "((106, 1 960), (106, 1 965))": {
      "ident": "result"
    },
    "((106, 1 966), (106, 1 966))": {
      "symbol": ")"
    },
    "((106, 1 967), (106, 1 967))": {
      "symbol": ";"
    },
    "((109, 1 975), (109, 1 977))": {
      "keyword": "let"
    },
    "((109, 1 979), (109, 1 984))": {
      "ident": "radius"
    },
    "((109, 1 986), (109, 1 986))": {
      "symbol": "="
    },
    "((109, 1 988), (109, 1 990))": {
      "floatLiteral": "3.0"
    },
    "((109, 1 991), (109, 1 991))": {
      "symbol": ";"
    },
    "((110, 1 997), (110, 1 999))": {
      "keyword": "let"
    },
    "((110, 2 001), (110, 2 004))": {
      "ident": "area"
    },
    "((110, 2 006), (110, 2 006))": {
      "symbol": "="
    },
    "((110, 2 008), (110, 2 009))": {
      "ident": "pi"
    },
    "((110, 2 011), (110, 2 011))": {
      "symbol": "*"
    },
    "((110, 2 013), (110, 2 018))": {
      "ident": "radius"
    },
    "((110, 2 020), (110, 2 021))": {
      "symbol": "**"
    },
    "((110, 2 023), (110, 2 023))": {
      "intLiteral": "2"
    },
    "((110, 2 024), (110, 2 024))": {
      "symbol": ";"
    },
    "((111, 2 030), (111, 2 034))": {
      "keyword": "print"
    },
    "((111, 2 035), (111, 2 035))": {
      "symbol": "("
    },
    "((111, 2 036), (111, 2 044))": {
      "strLiteral": "Area = "
    },
    "((111, 2 045), (111, 2 045))": {
      "symbol": ","
    },
    "((111, 2 047), (111, 2 050))": {
      "ident": "area"
    },
    "((111, 2 051), (111, 2 051))": {
      "symbol": ")"
    },
    "((111, 2 052), (111, 2 052))": {
      "symbol": ";"
    },
    "((112, 2 054), (112, 2 054))": {
      "symbol": "}"
    }
  }
]